This is what you see in the Mirror of Galadriel:

level: -2

level: -2


   -3,-1  

   -3,-1  

   -3,-1  

   -3,-1  

   -3,-1  

   -3,-1  

   -3,6       -2,6       -1,6     dungeon2 - dungeon3  
                                                 |     
   -3,7       -2,7       -1,7     dungeon5 - dungeon4  
level: -1

                                                       
   -3,-1  

   -3,-1  

   -3,-1  

   -3,-1  

   -3,-1  

   -3,-1  

   -3,6       -2,6       -1,6     dungeon1  
level: 0

                                            
   -3,-1      -2,-1      -1,-1    mountain  
                                      |     
   -3,0       -2,0        hut   -   path   -   rest     komeroom  
                                      |                           
   -3,1       -2,1       -1,1      kender1  
                                      |     
   -3,2       -2,2       -1,2      kender2  
                                      |     
   -3,3       -2,3       -1,3      kender3 -  guard1   
                                      |                
   -3,4       -2,4      whouse1 -  kender4 -  ehouse1  
                                      |                
   store     nhouse1    whouse2 -  nhouse2    house1     kender5 -  nhouse3    house2     ehouse2    nhouse4  
                |                     |               \     |          |                                |     
kenderstore- kender11 - kender10 -  square  -  kender8 -  kender9 - kenderpub 
                |          |    /     |    \     ?          |                
   -3,7      shouse1    whouse3 -  shouse2    house4     kender6 -  shouse3    house3     ehouse3    shouse4  
                                                            |                                                 
   -3,8       -2,8      whouse4 -  kender7 -  ehouse4  
                                      |                
   -3,9       -2,9       -1,9      mayor1  -  mayor2   
level: 1

                                                       
   -3,-1  

   -3,-1  

   -3,-1  

   -3,3       -2,3       -1,3        0,3      guard2   
                                                       
   -3,3   

   -3,3   

   -3,6       -2,6       -1,6      tower1   
level: 2

                                            
   -3,-1  

   -3,-1  

   -3,-1  

   -3,3       -2,3       -1,3        0,3      guard3   
                                                       
   -3,3   

   -3,3   

   -3,6       -2,6       -1,6      tower2   
level: 3

                                            
   -3,-1  

   -3,-1  

   -3,-1  

   -3,-1  

   -3,-1  

   -3,-1  

   -3,6       -2,6       -1,6      tower3   
