/*
Filenames corresponding to the maps of Uglymouth's viking area

General map:
                  to /room/
                  vill_shore4.c
            w      /|\
          /         |
        rn- O - dn- s - R            s - shore1.c
        | \ |   |   |  /             R - rock.c
        |   dw- dm-de /             d. - dunes_<loc>.c
        |   |   |   |/              hg - highdune.c and grave.c
        rs- ds  hg-bne               O - open.c
        | \ | / | /                  w - well.c
        |  bnw- bn                  r. - river_<loc>.c
        |   |   |                    f - falltop.c
     ...f  bmw- bm                  b. - bay_<loc>.c
     :    / |   |                  | c - cave.c
     :.cpg bsw- bs           S     | p - pool.c
     :      |   |                  | g - geiser.c
     :      jw- jn- bse             j. - jungle_<loc>.c
     :      |   |   | \              J - infjungle1-6.c
 p - W      ----- - je  V           *V - village of Symria    }  see
     :     |  J  |  |   |           *C - camp of the vikings  }    below
     :..o..|     |- js..C            W - walhalla.c
            -----                    S - ship.c
                                     p - portalroom.c
                                     o - oakplace(2).c

Detailed map of *Village and *Camp:
   Note that all houses (except firehouse/-attic and chapel) can only be
   entered when the fire in the village is extinguished.

              c                       B - bay_se.c 
              |                      r. - villroad<nr>.c / fireroad<nr>.c
     B        r2-h7 H                 s - village square
       \      |     |                h. - house<nr>.c
         r1 - s  -  r3- h5           h3 - also firehouse.c    
              |     |                h3a- also fireattic.c 
              h3    h4    S           s - villsquare.c / firesquare.c
              |3a       /             c - chapel.c
     js.......v1- v2- b               H - harbour.c
              |                      v. - camp<nr>.c
           t2-v3-t3                  t. - tent<nr>.c
              t1                      b - campbeach.c (with rowboat.c)
                                      S - shipsea.c (with ship.c)
                                                     


Detailed map of longship and the vikings' homeland:

             c                       c - cnest.c
             |                       d - shipdeck<nr>.c
         d1- d2- d3- d4             
                 

             f - púúúS               S - ship.c
             | \ :                   p - vikpier.c
             h   s                   s - viksea.c
                                     f - vikfield.c
                                     h - feasthall.c
*/

