  to leaf    c *: new path  c: church     o: any room (unnamed by me) $
     |   |   |              a: clearing   s: sherrif's office         $
-o-o-a-o-o-b-o-o-o-....     b: hump : also a down to d vvvv           $
 |     | |  /| | |          t: mc's trollkingq.       /               $
 o     t m * h s r ... ..   m: whisk's millq.   ...  d   /==down/up   $
 |     | | | |   | |   |    h: mc's huts          | /   so below      $
-o-o   o o * h o-o-o-o-o    r: raspath (all south o-o   humpb. brdg.  $
 |     |  \ \          |     of it is Rasta's)     it only goes north.$
-o   o-o-o o *   i-o C o    i: ital bar with long n/w subt. tunnel    $
  \    |    \ \     \| |    C magical path north to leaf      to leaf $
   o   o     o *     A o B  A and B connected east/west               $
   |            \      | |                                            $
   o             *     o-o                                            $
   |             |                                                    $
   o         .........................                                $
   |         And here...to east, southeast, and                       $
   o         south of 'And here', is .he                              $
 /  \        void in the map. To the .est of HERE                     $
...  o       th map is wellfilled sou.hwards                          $
     |       Also far east of HERE th.re seems to                     $
     o o     be coverage. But here, s.uth of main                     $
    / /      road, is the void...... .                                $
   o-o       .                       .                                $
    \        .   V O I D . . . .     .                                $
     o       .                       .                                $
     |       .                       .                                $
     o-o     .........................                                $
             .                                                        $
             .  future extensions....                                 $
             .                                                        $
